<html>
<body>
<pre>
<h1>µVision Build Log</h1>
<h2>Tool Versions:</h2>
IDE-Version: ¦ÌVision V5.38.0.0
Copyright (C) 2022 ARM Ltd and ARM Germany GmbH. All rights reserved.
License Information: zhang san, hust, LIC=9WSKC-7UGJP-X7PRZ-JLAX4-1BVKK-KCEB4
 
Tool Versions:
Toolchain:       MDK-ARM Plus  Version: 5.38.0.0
Toolchain Path:  C:\Keil_v5\ARM\ARMCC\Bin
C Compiler:      Armcc.exe V5.06 update 6 (build 750)
Assembler:       Armasm.exe V5.06 update 6 (build 750)
Linker/Locator:  ArmLink.exe V5.06 update 6 (build 750)
Library Manager: ArmAr.exe V5.06 update 6 (build 750)
Hex Converter:   FromElf.exe V5.06 update 6 (build 750)
CPU DLL:         SARMCM3.DLL V5.38.0.0
Dialog DLL:      DCM.DLL V1.17.5.0
Target DLL:      CMSIS_AGDI.dll V1.33.15.0
Dialog DLL:      TCM.DLL V1.56.4.0
 
<h2>Project:</h2>
C:\Users\XXY\space-shooter-of-C-program\TemplateProject.uvprojx
Project File Date:  05/17/2026

<h2>Output:</h2>
*** Using Compiler 'V5.06 update 6 (build 750)', folder: 'C:\Keil_v5\ARM\ARMCC\Bin'
Build target 'Target 1'
compiling gd32h7xx_exti.c...
compiling gd32h7xx_syscfg.c...
compiling update.c...
Drivers\update.c(474): warning:  #550-D: variable "bw"  was set but never used
              int16_t bw = BOSS1_W, bh = BOSS1_H;
Drivers\update.c: 1 warning, 0 errors
linking...
Program Size: Code=190852 RO-data=194440 RW-data=968 ZI-data=32517048  
".\Objects\TemplateProject.axf" - 0 Error(s), 1 Warning(s).

<h2>Software Packages used:</h2>

Package Vendor: GigaDevice
                https://gd32mcu.com/GigaDevice.GD32H7xx_DFP.1.4.0.pack
                GigaDevice.GD32H7xx_DFP.1.4.0
                GigaDevice GD32H7xx Series Device Support and Examples

<h2>Collection of Component include folders:</h2>
  C:/Users/XXY/AppData/Local/Arm/Packs/GigaDevice/GD32H7xx_DFP/1.4.0/Device/Include

<h2>Collection of Component Files used:</h2>
Build Time Elapsed:  00:00:03
</pre>
</body>
</html>
